 [git:feature] mock #99: ## Auth Refactor                                         0/1 reviewed  All 
  ● c1abc Add auth handler  alice, Jan 15, 2025                                                     
> ○ c2def Add error wrapping  bob, Jan 15, 2025                                                     
                                                                                                    
    Wrap errors with fmt.Errorf for stack traces.                                                   
────────────────────────────────────────────────────────────────────────────────────────────────────
Files              ││ [M] auth/handler.go                                                           
 ▼ auth/           ││@@ -1,3 +1,3 @@                                                                
   └  M handler.go ││   1    1  package auth                                                        
                   ││   2      -func Handle(w http.ResponseWriter, r *http.Request) {               
                   ││        2 +func Handle(ctx context.Context, w http.ResponseWriter, r *http.Req…
                   ││   3    3      token := r.Header.Get("Authorization")                          
                   ││ ⋯ 6 lines hidden [Enter to expand]                                            
                   ││@@ -10,3 +10,4 @@                                                              
                   ││  10   10      if err != nil {                                                 
                   ││  11      -        return err                                                  
                   ││       11 +        log.Printf("auth error: %v", err)                           
                   ││       12 +        return fmt.Errorf("auth: %w", err)                          
                   ││  12   13      }                                                               
                   ││                                                                               
                   ││~                                                                              
                   ││~                                                                              
                   ││~                                                                              
                   ││~                                                                              
                   ││~                                                                              
                   ││~                                                                              
                   ││~                                                                              
                   ││~                                                                              
                   ││~                                                                              
 ? for help | c to comment | r to mark reviewed                                                     