 [git:feature] mock #99 [+]                                                       0/1 reviewed  78% 
Files              ││ [M] auth/handler.go                                                           
 ▼ auth/           ││@@ -1,3 +1,3 @@                                                                
   └  M handler.go…││   1    1  package auth                                                        
                   ││   2      -func Handle(w http.ResponseWriter, r *http.Request) {               
                   ││        2 +func Handle(ctx context.Context, w http.ResponseWriter, r *http.Req…
                   ││          ╭ Note (@reviewer-bob) ─────────────────────────────────────────────╮
                   ││          │ Why did you add the context parameter here?                       │
                   ││          ├─ @testuser ───────────────────────────────────────────────────────┤
                   ││          │ Good point, I added it for request tracing.                       │
                   ││          ╰───────────────────────────────────────────────────────────────────╯
                   ││   3    3      token := r.Header.Get("Authorization")                          
                   ││ ⋯ 6 lines hidden [Enter to expand]                                            
                   ││@@ -10,3 +10,4 @@                                                              
                   ││  10   10      if err != nil {                                                 
                   ││  11      -        return err                                                  
                   ││       11 +        log.Printf("auth error: %v", err)                           
                   ││          ╭ Issue (@reviewer-carol) ──────────────────────────────────────────╮
                   ││          │ The log message should include the request ID.                    │
                   ││          ├─ @testuser ───────────────────────────────────────────────────────┤
                   ││          │ Will add request ID to the log format string.                     │
                   ││          ╰───────────────────────────────────────────────────────────────────╯
                   ││       12 +        return fmt.Errorf("auth: %w", err)                          
                   ││  12   13      }                                                               
                   ││                                                                               
                   ││~                                                                              
                   ││~                                                                              
                   ││~                                                                              
                   ││~                                                                              
 4 comment(s) | :clip to export | ? for help                                                        